Microchip MPLAB XC8 Compiler V2.32

Linker command line:

-W-3 --edf=C:\Program Files\Microchip\xc8\v2.32\pic\dat\en_msgs.txt -cn \
  -h+dist/default/production\Projeto_2.X.production.sym \
  --cmf=dist/default/production\Projeto_2.X.production.cmf -z -Q18F4550 \
  -oC:\Users\CLAUDI~3\AppData\Local\Temp\xcAs5bk.4 --defsym=__MPLAB_BUILD=1 \
  -Mdist/default/production/Projeto_2.X.production.map -E1 \
  -ver=XC8 Compiler --acfsm=1493 -ASTACK=015Eh-07FFh -pstack=STACK \
  -ACODE=00h-07FFFh -ACONST=00h-07FFFh -ASMALLCONST=0800h-08FFhx120 \
  -AMEDIUMCONST=0800h-07FFFh -ACOMRAM=01h-05Fh -AABS1=00h-07FFh \
  -ABIGRAM=01h-07FFh -ARAM=060h-0FFh,0100h-01FFhx7 -ABANK0=060h-0FFh \
  -ABANK1=0100h-01FFh -ABANK2=0200h-02FFh -ABANK3=0300h-03FFh \
  -ABANK4=0400h-04FFh -ABANK5=0500h-05FFh -ABANK6=0600h-06FFh \
  -ABANK7=0700h-07FFh -ASFR=0F60h-0FFFh -ACONFIG=0300000h-030000Dh \
  -AIDLOC=0200000h-0200007h -AEEDATA=0F00000h-0F000FFh -peeprom_data=EEDATA \
  -preset_vec=00h,intcode=08h,intcodelo,powerup,init -pramtop=0800h \
  -psmallconst=SMALLCONST -pmediumconst=MEDIUMCONST -pconst=CONST \
  -AFARRAM=00h-00h \
  -prdata=COMRAM,nvrram=COMRAM,nvbit=COMRAM,rbss=COMRAM,rbit=COMRAM \
  -pfarbss=FARRAM,fardata=FARRAM,nvFARRAM=FARRAM \
  -pintsave_regs=BIGRAM,bigbss=BIGRAM,bigdata=BIGRAM -pbss=RAM \
  -pidata=CODE,irdata=CODE,ibigdata=CODE,ifardata=CODE -prparam=COMRAM \
  C:\Users\CLAUDI~3\AppData\Local\Temp\xcAs5bk.o \
  dist/default/production\Projeto_2.X.production.o 

Object code version is 3.11

Machine type is 18F4550



                Name                               Link     Load   Length Selector   Space Scale
C:\Users\CLAUDI~3\AppData\Local\Temp\xcAs5bk.o
                idloc                            200000   200000        8        0       5
                config                           300000   300000        E        0       4
                init                                  E        E        4        4       0
                reset_vec                             0        0        4        0       0
dist/default/production\Projeto_2.X.production.o
                intcode                               8        8        6        4       0
                idloc                            200000   200000        8        0       5
                config                           300000   300000        E        0       4
                temp                                 5E       5E        1        1       1
                smallconst                          800      800       2C      400       0
                text43                             277A     277A      1B4      416       0
                text42                             39D2     39D2       26      416       0
                text41                             3844     3844       38      416       0
                text40                             358E     358E       52      416       0
                text39                             292E     292E      190      416       0
                text38                             3142     3142       C4      416       0
                text37                             3206     3206       B0      416       0
                text36                             21CE     21CE      39A      416       0
                text35                             32B6     32B6       AA      416       0
                text34                             2CDA     2CDA      104      416       0
                text33                             1DA4     1DA4      42A      416       0
                text32                             380C     380C       38      416       0
                text31                             1484     1484      4C0      416       0
                text30                             36C6     36C6       46      416       0
                text29                             2BD4     2BD4      106      416       0
                text28                             2DDE     2DDE       FE      416       0
                text27                             2568     2568      212      416       0
                text26                             39F8     39F8        2      416       0
                text25                             2FB2     2FB2       CA      416       0
                text24                             3750     3750       44      416       0
                text23                             387C     387C       36      416       0
                text22                             307C     307C       C6      416       0
                text21                             34E0     34E0       5C      416       0
                text20                             37D4     37D4       38      416       0
                text19                             3422     3422       60      416       0
                text18                              82C      82C      C58      416       0
                text17                             2EDC     2EDC       D6      416       0
                text16                             1944     1944      460      416       0
                text15                             3360     3360       62      416       0
                text14                             353C     353C       52      416       0
                text13                             39AC     39AC       26      416       0
                text12                             367C     367C       4A      416       0
                text11                             3986     3986       26      416       0
                text10                             3960     3960       26      416       0
                text9                              3482     3482       5E      416       0
                text8                              3794     3794       40      416       0
                intcode_body                       2ABE     2ABE      116      416       0
                text6                              3630     3630       4C      416       0
                text5                              390E     390E       2C      416       0
                text4                              38B2     38B2       30      416       0
                text3                              38E2     38E2       2C      416       0
                text2                              33C2     33C2       60      416       0
                text1                              370C     370C       44      416       0
                text0                              35E0     35E0       50      416       0
                cstackCOMRAM                          1        1       5D        1       1
                cstackBANK0                          60       60       54       60       1
                cstackBANK1                         150      150        E      100       1
                bssBANK1                            100      100       50      100       1
                bssBANK0                             B4       B4       22       60       1
                cinit                              393A     393A       26      416       0

TOTAL           Name                               Link     Load   Length     Space
        CLASS   STACK          

        CLASS   CODE           
                intcode                               8        8        6         0
                init                                  E        E        4         0
                reset_vec                             0        0        4         0
                text43                             277A     277A      1B4         0
                text42                             39D2     39D2       26         0
                text41                             3844     3844       38         0
                text40                             358E     358E       52         0
                text39                             292E     292E      190         0
                text38                             3142     3142       C4         0
                text37                             3206     3206       B0         0
                text36                             21CE     21CE      39A         0
                text35                             32B6     32B6       AA         0
                text34                             2CDA     2CDA      104         0
                text33                             1DA4     1DA4      42A         0
                text32                             380C     380C       38         0
                text31                             1484     1484      4C0         0
                text30                             36C6     36C6       46         0
                text29                             2BD4     2BD4      106         0
                text28                             2DDE     2DDE       FE         0
                text27                             2568     2568      212         0
                text26                             39F8     39F8        2         0
                text25                             2FB2     2FB2       CA         0
                text24                             3750     3750       44         0
                text23                             387C     387C       36         0
                text22                             307C     307C       C6         0
                text21                             34E0     34E0       5C         0
                text20                             37D4     37D4       38         0
                text19                             3422     3422       60         0
                text18                              82C      82C      C58         0
                text17                             2EDC     2EDC       D6         0
                text16                             1944     1944      460         0
                text15                             3360     3360       62         0
                text14                             353C     353C       52         0
                text13                             39AC     39AC       26         0
                text12                             367C     367C       4A         0
                text11                             3986     3986       26         0
                text10                             3960     3960       26         0
                text9                              3482     3482       5E         0
                text8                              3794     3794       40         0
                intcode_body                       2ABE     2ABE      116         0
                text6                              3630     3630       4C         0
                text5                              390E     390E       2C         0
                text4                              38B2     38B2       30         0
                text3                              38E2     38E2       2C         0
                text2                              33C2     33C2       60         0
                text1                              370C     370C       44         0
                text0                              35E0     35E0       50         0
                cinit                              393A     393A       26         0

        CLASS   CONST          

        CLASS   SMALLCONST     
                smallconst                          800      800       2C         0

        CLASS   MEDIUMCONST    

        CLASS   COMRAM         
                temp                                 5E       5E        1         1
                cstackCOMRAM                          1        1       5D         1

        CLASS   ABS1           

        CLASS   BIGRAM         

        CLASS   RAM            

        CLASS   BANK0          
                cstackBANK0                          60       60       54         1
                bssBANK0                             B4       B4       22         1

        CLASS   BANK1          
                cstackBANK1                         150      150        E         1
                bssBANK1                            100      100       50         1

        CLASS   BANK2          

        CLASS   BANK3          

        CLASS   BANK4          

        CLASS   BANK5          

        CLASS   BANK6          

        CLASS   BANK7          

        CLASS   SFR            

        CLASS   CONFIG         
                config                           300000   300000        E         4

        CLASS   IDLOC          
                idloc                            200000   200000        8         5

        CLASS   EEDATA         

        CLASS   FARRAM         



SEGMENTS        Name                           Load    Length   Top    Selector   Space  Class

                reset_vec                      000000  000004  000004         0       0  CODE    
                cstackCOMRAM                   000001  00005E  00005F         1       1  COMRAM  
                intcode                        000008  00000A  000012         4       0  CODE    
                cstackBANK0                    000060  000076  0000D6        60       1  BANK0   
                bssBANK1                       000100  00005E  00015E       100       1  BANK1   
                smallconst                     000800  00002C  00082C       400       0  SMALLCON
                text18                         00082C  0031CE  0039FA       416       0  CODE    


UNUSED ADDRESS RANGES

        Name                Unused          Largest block    Delta
        BANK0            0000D6-0000FF               2A
        BANK1            00015E-0001FF               A2
        BANK2            000200-0002FF              100
        BANK3            000300-0003FF              100
        BANK4            000400-0004FF              100
        BANK5            000500-0005FF              100
        BANK6            000600-0006FF              100
        BANK7            000700-0007FF              100
        BIGRAM           00005F-00005F                1
                         0000D6-0000FF               2A
                         00015E-0007FF              6A2
        CODE             000004-000007                4
                         000012-0007FF              7EE
                         0039FA-007FFF             4606
        COMRAM           00005F-00005F                1
        CONST            000004-000007                4
                         000012-0007FF              7EE
                         0039FA-007FFF             4606
        EEDATA           F00000-F000FF              100
        MEDIUMCONST      0039FA-007FFF             4606
        RAM              0000D6-0000FF               2A
                         00015E-0007FF              100
        SFR              000F60-000FFF               A0
        SMALLCONST       0039FA-007FFF              100
        STACK            00015E-0007FF              6A2

                                  Symbol Table

?___awdiv                 cstackCOMRAM 000001
?___awmod                 cstackCOMRAM 000001
?___fladd                 cstackCOMRAM 000001
?___fldiv                 cstackCOMRAM 000001
?___flmul                 cstackCOMRAM 00000F
?___flneg                 cstackCOMRAM 000001
?___flsub                 cstackCOMRAM 000028
?___fltol                 cstackCOMRAM 000001
?___fpclassifyf           cstackCOMRAM 000001
?___wmul                  cstackCOMRAM 000001
?___xxtofl                cstackCOMRAM 000001
?_atoi                    cstackCOMRAM 000008
?_efgtoa                  cstackCOMRAM 000034
?_floorf                  cstackCOMRAM 00001A
?_isdigit                 cstackCOMRAM 000001
?_isspace                 cstackCOMRAM 000001
?_isupper                 cstackCOMRAM 000001
?_pad                     cstackCOMRAM 000011
?_sprintf                 cstackBANK0  000098
?_strlen                  cstackCOMRAM 000001
?_strncmp                 cstackCOMRAM 000001
?_tolower                 cstackCOMRAM 000007
?_vfpfcnvrt               cstackCOMRAM 000040
?_vfprintf                cstackCOMRAM 000056
LCD_Char@dat              cstackBANK1  000156
LCD_Command@cmd           cstackBANK1  000156
LCD_String@msg            cstackBANK1  000157
LCD_String_xy@location    cstackBANK1  00015D
LCD_String_xy@msg         cstackBANK1  00015A
LCD_String_xy@pos         cstackBANK1  000159
LCD_String_xy@row         cstackBANK1  00015C
MSdelay@i                 cstackBANK1  000152
MSdelay@j                 cstackBANK1  000154
MSdelay@val               cstackBANK1  000150
_ADCON0                   (abs)        000FC2
_ADCON0bits               (abs)        000FC2
_ADCON1                   (abs)        000FC1
_ADCON2                   (abs)        000FC0
_ADRESH                   (abs)        000FC4
_ADRESL                   (abs)        000FC3
_INTCONbits               (abs)        000FF2
_LATB                     (abs)        000F8A
_LATD0                    (abs)        007C60
_LATD1                    (abs)        007C61
_LCD_Char                 text3        0038E2
_LCD_Command              text5        00390E
_LCD_Init                 text4        0038B2
_LCD_String               text2        0033C2
_LCD_String_xy            text1        00370C
_MSdelay                  text6        003630
_OSCCON                   (abs)        000FD3
_PIE1bits                 (abs)        000F9D
_PIR1bits                 (abs)        000F9E
_TRISA                    (abs)        000F92
_TRISB                    (abs)        000F93
_TRISC                    (abs)        000F94
_TRISD                    (abs)        000F95
__HRAM                    (abs)        000000
__Habs1                   abs1         000000
__Hbank0                  bank0        000000
__Hbank1                  bank1        000000
__Hbank2                  bank2        000000
__Hbank3                  bank3        000000
__Hbank4                  bank4        000000
__Hbank5                  bank5        000000
__Hbank6                  bank6        000000
__Hbank7                  bank7        000000
__Hbigbss                 bigbss       000000
__Hbigdata                bigdata      000000
__Hbigram                 bigram       000000
__Hbss                    bss          000000
__HbssBANK0               bssBANK0     000000
__HbssBANK1               bssBANK1     000000
__Hcinit                  cinit        000000
__Hclrtext                clrtext      000000
__Hcomram                 comram       000000
__Hconfig                 config       30000E
__Hconst                  const        000000
__HcstackBANK0            cstackBANK0  000000
__HcstackBANK1            cstackBANK1  000000
__HcstackCOMRAM           cstackCOMRAM 000000
__Hdata                   data         000000
__Heeprom_data            eeprom_data  000000
__Hfarbss                 farbss       000000
__Hfardata                fardata      000000
__Hibigdata               ibigdata     000000
__Hidata                  idata        000000
__Hidloc                  idloc        200008
__Hifardata               ifardata     000000
__Hinit                   init         000012
__Hintcode                intcode      00000E
__Hintcode_body           intcode_body 000000
__Hintcodelo              intcodelo    00000E
__Hintentry               intentry     000000
__Hintret                 intret       000000
__Hintsave_regs           intsave_regs 000000
__Hirdata                 irdata       000000
__Hmediumconst            mediumconst  000000
__HnvFARRAM               nvFARRAM     000000
__Hnvbit                  nvbit        000000
__Hnvrram                 nvrram       000000
__Hparam                  rparam       000000
__Hpowerup                powerup      00000E
__Hram                    ram          000000
__Hramtop                 ramtop       000800
__Hrbit                   rbit         000000
__Hrbss                   rbss         000000
__Hrdata                  rdata        000000
__Hreset_vec              reset_vec    000004
__Hrparam                 rparam       000000
__Hsfr                    sfr          000000
__Hsmallconst             smallconst   00082C
__Hspace_0                (abs)        0039FA
__Hspace_1                (abs)        00015E
__Hspace_2                (abs)        000000
__Hspace_4                (abs)        60000E
__Hstack                  stack        000000
__Hstruct                 struct       000000
__Htemp                   temp         00005F
__Htext                   text         000000
__Htext0                  text0        000000
__Htext1                  text1        000000
__Htext10                 text10       000000
__Htext11                 text11       000000
__Htext12                 text12       000000
__Htext13                 text13       000000
__Htext14                 text14       000000
__Htext15                 text15       000000
__Htext16                 text16       000000
__Htext17                 text17       000000
__Htext18                 text18       000000
__Htext19                 text19       000000
__Htext2                  text2        000000
__Htext20                 text20       000000
__Htext21                 text21       000000
__Htext22                 text22       000000
__Htext23                 text23       000000
__Htext24                 text24       000000
__Htext25                 text25       000000
__Htext26                 text26       000000
__Htext27                 text27       000000
__Htext28                 text28       000000
__Htext29                 text29       000000
__Htext3                  text3        000000
__Htext30                 text30       000000
__Htext31                 text31       000000
__Htext32                 text32       000000
__Htext33                 text33       000000
__Htext34                 text34       000000
__Htext35                 text35       000000
__Htext36                 text36       000000
__Htext37                 text37       000000
__Htext38                 text38       000000
__Htext39                 text39       000000
__Htext4                  text4        000000
__Htext40                 text40       000000
__Htext41                 text41       000000
__Htext42                 text42       000000
__Htext43                 text43       000000
__Htext5                  text5        000000
__Htext6                  text6        000000
__Htext8                  text8        000000
__Htext9                  text9        000000
__LRAM                    (abs)        000001
__Labs1                   abs1         000000
__Lbank0                  bank0        000000
__Lbank1                  bank1        000000
__Lbank2                  bank2        000000
__Lbank3                  bank3        000000
__Lbank4                  bank4        000000
__Lbank5                  bank5        000000
__Lbank6                  bank6        000000
__Lbank7                  bank7        000000
__Lbigbss                 bigbss       000000
__Lbigdata                bigdata      000000
__Lbigram                 bigram       000000
__Lbss                    bss          000000
__LbssBANK0               bssBANK0     000000
__LbssBANK1               bssBANK1     000000
__Lcinit                  cinit        000000
__Lclrtext                clrtext      000000
__Lcomram                 comram       000000
__Lconfig                 config       000000
__Lconst                  const        000000
__LcstackBANK0            cstackBANK0  000000
__LcstackBANK1            cstackBANK1  000000
__LcstackCOMRAM           cstackCOMRAM 000000
__Ldata                   data         000000
__Leeprom_data            eeprom_data  000000
__Lfarbss                 farbss       000000
__Lfardata                fardata      000000
__Libigdata               ibigdata     000000
__Lidata                  idata        000000
__Lidloc                  idloc        000000
__Lifardata               ifardata     000000
__Linit                   init         00000E
__Lintcode                intcode      000008
__Lintcode_body           intcode_body 000000
__Lintcodelo              intcodelo    00000E
__Lintentry               intentry     000000
__Lintret                 intret       000000
__Lintsave_regs           intsave_regs 000000
__Lirdata                 irdata       000000
__Lmediumconst            mediumconst  000000
__LnvFARRAM               nvFARRAM     000000
__Lnvbit                  nvbit        000000
__Lnvrram                 nvrram       000000
__Lparam                  rparam       000000
__Lpowerup                powerup      00000E
__Lram                    ram          000000
__Lramtop                 ramtop       000800
__Lrbit                   rbit         000000
__Lrbss                   rbss         000000
__Lrdata                  rdata        000000
__Lreset_vec              reset_vec    000000
__Lrparam                 rparam       000000
__Lsfr                    sfr          000000
__Lsmallconst             smallconst   000800
__Lspace_0                (abs)        000000
__Lspace_1                (abs)        000000
__Lspace_2                (abs)        000000
__Lspace_4                (abs)        000000
__Lstack                  stack        000000
__Lstruct                 struct       000000
__Ltemp                   temp         00005E
__Ltext                   text         000000
__Ltext0                  text0        000000
__Ltext1                  text1        000000
__Ltext10                 text10       000000
__Ltext11                 text11       000000
__Ltext12                 text12       000000
__Ltext13                 text13       000000
__Ltext14                 text14       000000
__Ltext15                 text15       000000
__Ltext16                 text16       000000
__Ltext17                 text17       000000
__Ltext18                 text18       000000
__Ltext19                 text19       000000
__Ltext2                  text2        000000
__Ltext20                 text20       000000
__Ltext21                 text21       000000
__Ltext22                 text22       000000
__Ltext23                 text23       000000
__Ltext24                 text24       000000
__Ltext25                 text25       000000
__Ltext26                 text26       000000
__Ltext27                 text27       000000
__Ltext28                 text28       000000
__Ltext29                 text29       000000
__Ltext3                  text3        000000
__Ltext30                 text30       000000
__Ltext31                 text31       000000
__Ltext32                 text32       000000
__Ltext33                 text33       000000
__Ltext34                 text34       000000
__Ltext35                 text35       000000
__Ltext36                 text36       000000
__Ltext37                 text37       000000
__Ltext38                 text38       000000
__Ltext39                 text39       000000
__Ltext4                  text4        000000
__Ltext40                 text40       000000
__Ltext41                 text41       000000
__Ltext42                 text42       000000
__Ltext43                 text43       000000
__Ltext5                  text5        000000
__Ltext6                  text6        000000
__Ltext8                  text8        000000
__Ltext9                  text9        000000
__S0                      (abs)        0039FA
__S1                      (abs)        00015E
__S2                      (abs)        000000
__S4                      (abs)        000000
__S5                      (abs)        000000
___awdiv                  text38       003142
___awdiv@counter          cstackCOMRAM 000005
___awdiv@dividend         cstackCOMRAM 000001
___awdiv@divisor          cstackCOMRAM 000003
___awdiv@quotient         cstackCOMRAM 000007
___awdiv@sign             cstackCOMRAM 000006
___awmod                  text37       003206
___awmod@counter          cstackCOMRAM 000005
___awmod@dividend         cstackCOMRAM 000001
___awmod@divisor          cstackCOMRAM 000003
___awmod@sign             cstackCOMRAM 000006
___fladd                  text31       001484
___fladd@a                cstackCOMRAM 000005
___fladd@aexp             cstackCOMRAM 00000E
___fladd@b                cstackCOMRAM 000001
___fladd@bexp             cstackCOMRAM 00000F
___fladd@grs              cstackCOMRAM 000010
___fladd@signs            cstackCOMRAM 00000D
___fldiv                  text36       0021CE
___fldiv@a                cstackCOMRAM 000005
___fldiv@aexp             cstackCOMRAM 000019
___fldiv@b                cstackCOMRAM 000001
___fldiv@bexp             cstackCOMRAM 000018
___fldiv@grs              cstackCOMRAM 000014
___fldiv@new_exp          cstackCOMRAM 000012
___fldiv@rem              cstackCOMRAM 00000D
___fldiv@sign             cstackCOMRAM 000011
___fleq                   text35       0032B6
___fleq@ff1               cstackCOMRAM 000001
___fleq@ff2               cstackCOMRAM 000005
___flge                   text34       002CDA
___flge@ff1               cstackCOMRAM 000028
___flge@ff2               cstackCOMRAM 00002C
___flmul                  text33       001DA4
___flmul@a                cstackCOMRAM 000013
___flmul@aexp             cstackCOMRAM 000020
___flmul@b                cstackCOMRAM 00000F
___flmul@bexp             cstackCOMRAM 000021
___flmul@grs              cstackCOMRAM 00001C
___flmul@prod             cstackCOMRAM 000022
___flmul@sign             cstackCOMRAM 00001B
___flmul@temp             cstackCOMRAM 000026
___flneg                  text32       00380C
___flneg@f1               cstackCOMRAM 000001
___flsub                  text30       0036C6
___flsub@a                cstackCOMRAM 00002C
___flsub@b                cstackCOMRAM 000028
___fltol                  text29       002BD4
___fltol@exp1             cstackCOMRAM 00000A
___fltol@f1               cstackCOMRAM 000001
___fltol@sign1            cstackCOMRAM 000009
___fpclassifyf            text28       002DDE
___fpclassifyf@F465       bssBANK0     0000B8
___fpclassifyf@e          cstackCOMRAM 000009
___fpclassifyf@u          cstackCOMRAM 00000B
___fpclassifyf@x          cstackCOMRAM 000001
___inthi_sp               stack        000000
___intlo_sp               stack        000000
___param_bank             (abs)        000000
___rparam_used            (abs)        000001
___sp                     stack        000000
___wmul                   text42       0039D2
___wmul@multiplicand      cstackCOMRAM 000003
___wmul@multiplier        cstackCOMRAM 000001
___wmul@product           cstackCOMRAM 000005
___xxtofl                 text43       00277A
___xxtofl@arg             cstackCOMRAM 00000B
___xxtofl@exp             cstackCOMRAM 00000A
___xxtofl@sign            cstackCOMRAM 000009
___xxtofl@val             cstackCOMRAM 000001
__accesstop               (abs)        000060
__activetblptr            (abs)        000002
__end_of_LCD_Char         text3        00390E
__end_of_LCD_Command      text5        00393A
__end_of_LCD_Init         text4        0038E2
__end_of_LCD_String       text2        003422
__end_of_LCD_String_xy    text1        003750
__end_of_MSdelay          text6        00367C
__end_of___awdiv          text38       003206
__end_of___awmod          text37       0032B6
__end_of___fladd          text31       001944
__end_of___fldiv          text36       002568
__end_of___fleq           text35       003360
__end_of___flge           text34       002DDE
__end_of___flmul          text33       0021CE
__end_of___flneg          text32       003844
__end_of___flsub          text30       00370C
__end_of___fltol          text29       002CDA
__end_of___fpclassifyf    text28       002EDC
__end_of___wmul           text42       0039F8
__end_of___xxtofl         text43       00292E
__end_of__initialization  cinit        003952
__end_of_atoi             text39       002ABE
__end_of_efgtoa           text18       001484
__end_of_floorf           text27       00277A
__end_of_fputc            text25       00307C
__end_of_fputs            text24       003794
__end_of_isdigit          text41       00387C
__end_of_isspace          text40       0035E0
__end_of_isupper          text20       00380C
__end_of_main             text0        003630
__end_of_pad              text22       003142
__end_of_putch            text26       0039FA
__end_of_samples          intcode_body 002BD4
__end_of_sprintf          text14       00358E
__end_of_strcat           text13       0039D2
__end_of_strcpy           text21       00353C
__end_of_strlen           text23       0038B2
__end_of_strncmp          text17       002FB2
__end_of_tolower          text19       003482
__end_of_vfpfcnvrt        text16       001DA4
__end_of_vfprintf         text15       0033C2
__end_ofi2_LCD_Char       text10       003986
__end_ofi2_LCD_Command    text11       0039AC
__end_ofi2_LCD_String     text9        0034E0
__end_ofi2_LCD_String_xy  text8        0037D4
__end_ofi2_MSdelay        text12       0036C6
__initialization          cinit        00393A
__mediumconst             mediumconst  000000
__pbssBANK0               bssBANK0     0000B4
__pbssBANK1               bssBANK1     000100
__pcinit                  cinit        00393A
__pcstackBANK0            cstackBANK0  000060
__pcstackBANK1            cstackBANK1  000150
__pcstackCOMRAM           cstackCOMRAM 000001
__pintcode                intcode      000008
__pintcode_body           intcode_body 002ABE
__psmallconst             smallconst   000800
__ptext0                  text0        0035E0
__ptext1                  text1        00370C
__ptext10                 text10       003960
__ptext11                 text11       003986
__ptext12                 text12       00367C
__ptext13                 text13       0039AC
__ptext14                 text14       00353C
__ptext15                 text15       003360
__ptext16                 text16       001944
__ptext17                 text17       002EDC
__ptext18                 text18       00082C
__ptext19                 text19       003422
__ptext2                  text2        0033C2
__ptext20                 text20       0037D4
__ptext21                 text21       0034E0
__ptext22                 text22       00307C
__ptext23                 text23       00387C
__ptext24                 text24       003750
__ptext25                 text25       002FB2
__ptext26                 text26       0039F8
__ptext27                 text27       002568
__ptext28                 text28       002DDE
__ptext29                 text29       002BD4
__ptext3                  text3        0038E2
__ptext30                 text30       0036C6
__ptext31                 text31       001484
__ptext32                 text32       00380C
__ptext33                 text33       001DA4
__ptext34                 text34       002CDA
__ptext35                 text35       0032B6
__ptext36                 text36       0021CE
__ptext37                 text37       003206
__ptext38                 text38       003142
__ptext39                 text39       00292E
__ptext4                  text4        0038B2
__ptext40                 text40       00358E
__ptext41                 text41       003844
__ptext42                 text42       0039D2
__ptext43                 text43       00277A
__ptext5                  text5        00390E
__ptext6                  text6        003630
__ptext8                  text8        003794
__ptext9                  text9        003482
__ramtop                  ramtop       000800
__size_of_LCD_Char        (abs)        000000
__size_of_LCD_Command     (abs)        000000
__size_of_LCD_Init        (abs)        000000
__size_of_LCD_String      (abs)        000000
__size_of_LCD_String_xy   (abs)        000000
__size_of_MSdelay         (abs)        000000
__size_of___awdiv         (abs)        000000
__size_of___awmod         (abs)        000000
__size_of___fladd         (abs)        000000
__size_of___fldiv         (abs)        000000
__size_of___fleq          (abs)        000000
__size_of___flge          (abs)        000000
__size_of___flmul         (abs)        000000
__size_of___flneg         (abs)        000000
__size_of___flsub         (abs)        000000
__size_of___fltol         (abs)        000000
__size_of___fpclassifyf   (abs)        000000
__size_of___wmul          (abs)        000000
__size_of___xxtofl        (abs)        000000
__size_of_atoi            (abs)        000000
__size_of_efgtoa          (abs)        000000
__size_of_floorf          (abs)        000000
__size_of_fputc           (abs)        000000
__size_of_fputs           (abs)        000000
__size_of_isdigit         (abs)        000000
__size_of_isspace         (abs)        000000
__size_of_isupper         (abs)        000000
__size_of_main            (abs)        000000
__size_of_pad             (abs)        000000
__size_of_putch           (abs)        000000
__size_of_samples         (abs)        000000
__size_of_sprintf         (abs)        000000
__size_of_strcat          (abs)        000000
__size_of_strcpy          (abs)        000000
__size_of_strlen          (abs)        000000
__size_of_strncmp         (abs)        000000
__size_of_tolower         (abs)        000000
__size_of_vfpfcnvrt       (abs)        000000
__size_of_vfprintf        (abs)        000000
__size_ofi2_LCD_Char      (abs)        000000
__size_ofi2_LCD_Command   (abs)        000000
__size_ofi2_LCD_String    (abs)        000000
__size_ofi2_LCD_String_xy (abs)        000000
__size_ofi2_MSdelay       (abs)        000000
__smallconst              smallconst   000800
_atoi                     text39       00292E
_atoi$948                 cstackCOMRAM 000010
_atoi$949                 cstackCOMRAM 000014
_atoi$950                 cstackCOMRAM 000012
_data                     bssBANK0     0000CC
_dbuf                     bssBANK1     000100
_digital                  bssBANK0     0000C0
_efgtoa                   text18       00082C
_efgtoa$884               cstackBANK0  000060
_efgtoa$885               cstackBANK0  000062
_efgtoa$890               cstackBANK0  000064
_efgtoa$894               cstackBANK0  000066
_efgtoa$895               cstackBANK0  000068
_efgtoa$896               cstackBANK0  00006A
_flags                    bssBANK0     0000CA
_floorf                   text27       002568
_fputc                    text25       002FB2
_fputs                    text24       003750
_isdigit                  text41       003844
_isspace                  text40       00358E
_isspace$979              cstackCOMRAM 000007
_isupper                  text20       0037D4
_main                     text0        0035E0
_nout                     bssBANK0     0000C4
_pad                      text22       00307C
_prec                     bssBANK0     0000C8
_putch                    text26       0039F8
_samples                  intcode      000008
_sprintf                  text14       00353C
_strcat                   text13       0039AC
_strcpy                   text21       0034E0
_strlen                   text23       00387C
_strncmp                  text17       002EDC
_tolower                  text19       003422
_tolower$1050             cstackCOMRAM 00000D
_vfpfcnvrt                text16       001944
_vfpfcnvrt$910            cstackCOMRAM 00004A
_vfpfcnvrt$914            cstackCOMRAM 00004C
_vfprintf                 text15       003360
_voltage                  bssBANK0     0000BC
_width                    bssBANK0     0000C6
atoi@n                    cstackCOMRAM 000015
atoi@neg                  cstackCOMRAM 00000E
atoi@s                    cstackCOMRAM 000008
btemp                     temp         00005E
efgtoa@c                  cstackCOMRAM 00003A
efgtoa@d                  cstackBANK0  000078
efgtoa@e                  cstackBANK0  000090
efgtoa@f                  cstackCOMRAM 000036
efgtoa@fp                 cstackCOMRAM 000034
efgtoa@g                  cstackBANK0  00008C
efgtoa@h                  cstackBANK0  000082
efgtoa@i                  cstackBANK0  00008A
efgtoa@l                  cstackBANK0  000086
efgtoa@m                  cstackBANK0  000072
efgtoa@mode               cstackBANK0  000081
efgtoa@n                  cstackBANK0  000092
efgtoa@ne                 cstackBANK0  000070
efgtoa@nmode              cstackBANK0  000080
efgtoa@ou                 cstackBANK0  000074
efgtoa@p                  cstackBANK0  00007C
efgtoa@pp                 cstackBANK0  00006E
efgtoa@sign               cstackBANK0  00007A
efgtoa@t                  cstackBANK0  00006C
efgtoa@u                  cstackBANK0  000094
efgtoa@w                  cstackBANK0  00007E
end_of_initialization     cinit        003952
floorf@F527               bssBANK0     0000B4
floorf@e                  cstackCOMRAM 000028
floorf@m                  cstackCOMRAM 000024
floorf@u                  cstackCOMRAM 00002A
floorf@x                  cstackCOMRAM 00001A
fputc@c                   cstackCOMRAM 000001
fputc@fp                  cstackCOMRAM 000003
fputs@c                   cstackCOMRAM 00000E
fputs@fp                  cstackCOMRAM 00000C
fputs@i                   cstackCOMRAM 00000F
fputs@s                   cstackCOMRAM 00000A
i2LCD_Char@dat            cstackCOMRAM 000007
i2LCD_Command@cmd         cstackCOMRAM 000007
i2LCD_String@msg          cstackCOMRAM 000008
i2LCD_String_xy@location  cstackCOMRAM 00000E
i2LCD_String_xy@msg       cstackCOMRAM 00000B
i2LCD_String_xy@pos       cstackCOMRAM 00000A
i2LCD_String_xy@row       cstackCOMRAM 00000D
i2MSdelay@i               cstackCOMRAM 000003
i2MSdelay@j               cstackCOMRAM 000005
i2MSdelay@val             cstackCOMRAM 000001
i2_LCD_Char               text10       003960
i2_LCD_Command            text11       003986
i2_LCD_String             text9        003482
i2_LCD_String_xy          text8        003794
i2_MSdelay                text12       00367C
int$flags                 temp         00005E
int_func                  intcode_body 002ABE
intlevel0                 text         000000
intlevel1                 text         000000
intlevel2                 text         000000
intlevel3                 text         000000
isa$std                   (abs)        000001
isa$xinst                 (abs)        000000
isdigit@c                 cstackCOMRAM 000001
isspace@c                 cstackCOMRAM 000001
isupper@c                 cstackCOMRAM 000001
pad@buf                   cstackCOMRAM 000013
pad@fp                    cstackCOMRAM 000011
pad@i                     cstackCOMRAM 000018
pad@p                     cstackCOMRAM 000015
pad@w                     cstackCOMRAM 00001A
sprintf@ap                cstackBANK0  0000A0
sprintf@f                 cstackBANK0  0000A2
sprintf@fmt               cstackBANK0  00009A
sprintf@s                 cstackBANK0  000098
stackhi                   (abs)        0007FF
stacklo                   (abs)        00015E
start                     init         00000E
start_initialization      cinit        00393A
strcat@dest               cstackCOMRAM 00000F
strcat@src                cstackCOMRAM 000011
strcpy@d                  cstackCOMRAM 00000D
strcpy@dest               cstackCOMRAM 000005
strcpy@s                  cstackCOMRAM 00000B
strcpy@src                cstackCOMRAM 000007
strlen@a                  cstackCOMRAM 000003
strlen@s                  cstackCOMRAM 000001
strncmp@_l                cstackCOMRAM 000001
strncmp@_r                cstackCOMRAM 000003
strncmp@l                 cstackCOMRAM 000008
strncmp@n                 cstackCOMRAM 000005
strncmp@r                 cstackCOMRAM 00000A
tolower@c                 cstackCOMRAM 000007
ttemp5                    temp         00005F
ttemp6                    temp         000062
ttemp7                    temp         000066
vfpfcnvrt@ap              cstackCOMRAM 000044
vfpfcnvrt@c               cstackCOMRAM 000055
vfpfcnvrt@ct              cstackCOMRAM 000052
vfpfcnvrt@f               cstackCOMRAM 00004E
vfpfcnvrt@fmt             cstackCOMRAM 000042
vfpfcnvrt@fp              cstackCOMRAM 000040
vfprintf@ap               cstackCOMRAM 00005A
vfprintf@cfmt             cstackCOMRAM 00005C
vfprintf@fmt              cstackCOMRAM 000058
vfprintf@fp               cstackCOMRAM 000056
wtemp8                    temp         00005F


MODULE INFORMATION

Module		Function		Class		Link	Load	Size
C:\Program Files\Microchip\xc8\v2.32\pic\sources\c99\common\nf_sprintf.c
		_sprintf       		CODE           	353C	0000	82

C:\Program Files\Microchip\xc8\v2.32\pic\sources\c99\common\nf_sprintf.c estimated size: 82

C:\Program Files\Microchip\xc8\v2.32\pic\sources\c99\common\awdiv.c
		___awdiv       		CODE           	3142	0000	196

C:\Program Files\Microchip\xc8\v2.32\pic\sources\c99\common\awdiv.c estimated size: 196

C:\Program Files\Microchip\xc8\v2.32\pic\sources\c99\common\isdigit.c
		_isdigit       		CODE           	3844	0000	56

C:\Program Files\Microchip\xc8\v2.32\pic\sources\c99\common\isdigit.c estimated size: 56

C:\Program Files\Microchip\xc8\v2.32\pic\sources\c99\common\sprcadd.c
		___flsub       		CODE           	36C6	0000	70
		___fladd       		CODE           	1484	0000	1216

C:\Program Files\Microchip\xc8\v2.32\pic\sources\c99\common\sprcadd.c estimated size: 1286

C:\Program Files\Microchip\xc8\v2.32\pic\sources\c99\common\doprnt.c
		_vfpfcnvrt     		CODE           	1944	0000	1120
		_efgtoa        		CODE           	082C	0000	3160
		_pad           		CODE           	307C	0000	198
		_vfprintf      		CODE           	3360	0000	98

C:\Program Files\Microchip\xc8\v2.32\pic\sources\c99\common\doprnt.c estimated size: 4576

C:\Program Files\Microchip\xc8\v2.32\pic\sources\c99\common\flneg.c
		___flneg       		CODE           	380C	0000	56

C:\Program Files\Microchip\xc8\v2.32\pic\sources\c99\common\flneg.c estimated size: 56

C:\Program Files\Microchip\xc8\v2.32\pic\sources\c99\common\atoi.c
		_atoi          		CODE           	292E	0000	400

C:\Program Files\Microchip\xc8\v2.32\pic\sources\c99\common\atoi.c estimated size: 400

C:\Program Files\Microchip\xc8\v2.32\pic\sources\c99\common\nf_fputs.c
		_fputs         		CODE           	3750	0000	68

C:\Program Files\Microchip\xc8\v2.32\pic\sources\c99\common\nf_fputs.c estimated size: 68

C:\Program Files\Microchip\xc8\v2.32\pic\sources\c99\common\fleq.c
		___fleq        		CODE           	32B6	0000	170

C:\Program Files\Microchip\xc8\v2.32\pic\sources\c99\common\fleq.c estimated size: 170

C:\Program Files\Microchip\xc8\v2.32\pic\sources\c99\common\putch.c
		_putch         		CODE           	39F8	0000	2

C:\Program Files\Microchip\xc8\v2.32\pic\sources\c99\common\putch.c estimated size: 2

C:\Program Files\Microchip\xc8\v2.32\pic\sources\c99\common\__fpclassifyf.c
		___fpclassifyf 		CODE           	2DDE	0000	254

C:\Program Files\Microchip\xc8\v2.32\pic\sources\c99\common\__fpclassifyf.c estimated size: 254

C:\Program Files\Microchip\xc8\v2.32\pic\sources\c99\common\isupper.c
		_isupper       		CODE           	37D4	0000	56

C:\Program Files\Microchip\xc8\v2.32\pic\sources\c99\common\isupper.c estimated size: 56

C:\Program Files\Microchip\xc8\v2.32\pic\sources\c99\common\Umul16.c
		___wmul        		CODE           	39D2	0000	38

C:\Program Files\Microchip\xc8\v2.32\pic\sources\c99\common\Umul16.c estimated size: 38

C:\Program Files\Microchip\xc8\v2.32\pic\sources\c99\common\isspace.c
		_isspace       		CODE           	358E	0000	82

C:\Program Files\Microchip\xc8\v2.32\pic\sources\c99\common\isspace.c estimated size: 82

C:\Program Files\Microchip\xc8\v2.32\pic\sources\c99\common\strncmp.c
		_strncmp       		CODE           	2EDC	0000	214

C:\Program Files\Microchip\xc8\v2.32\pic\sources\c99\common\strncmp.c estimated size: 214

C:\Program Files\Microchip\xc8\v2.32\pic\sources\c99\common\tolower.c
		_tolower       		CODE           	3422	0000	96

C:\Program Files\Microchip\xc8\v2.32\pic\sources\c99\common\tolower.c estimated size: 96

shared
		i2_LCD_Char    		CODE           	3960	0000	38
		i2_LCD_String  		CODE           	3482	0000	94
		i2_LCD_Command 		CODE           	3986	0000	38
		i2_MSdelay     		CODE           	367C	0000	74
		__initialization		CODE           	393A	0000	24
		i2_LCD_String_xy		CODE           	3794	0000	64

shared estimated size: 332

C:\Program Files\Microchip\xc8\v2.32\pic\sources\c99\common\sprcmul.c
		___flmul       		CODE           	1DA4	0000	1066

C:\Program Files\Microchip\xc8\v2.32\pic\sources\c99\common\sprcmul.c estimated size: 1066

C:\Program Files\Microchip\xc8\v2.32\pic\sources\c99\common\awmod.c
		___awmod       		CODE           	3206	0000	176

C:\Program Files\Microchip\xc8\v2.32\pic\sources\c99\common\awmod.c estimated size: 176

C:\Program Files\Microchip\xc8\v2.32\pic\sources\c99\common\sprcdiv.c
		___fldiv       		CODE           	21CE	0000	922

C:\Program Files\Microchip\xc8\v2.32\pic\sources\c99\common\sprcdiv.c estimated size: 922

C:\Program Files\Microchip\xc8\v2.32\pic\sources\c99\common\strcat.c
		_strcat        		CODE           	39AC	0000	38

C:\Program Files\Microchip\xc8\v2.32\pic\sources\c99\common\strcat.c estimated size: 38

C:\Program Files\Microchip\xc8\v2.32\pic\sources\c99\common\fltol.c
		___fltol       		CODE           	2BD4	0000	262

C:\Program Files\Microchip\xc8\v2.32\pic\sources\c99\common\fltol.c estimated size: 262

C:\Program Files\Microchip\xc8\v2.32\pic\sources\c99\common\xxtofl.c
		___xxtofl      		CODE           	277A	0000	436

C:\Program Files\Microchip\xc8\v2.32\pic\sources\c99\common\xxtofl.c estimated size: 436

potenciometro_adc.c
		_LCD_String    		CODE           	33C2	0000	96
		_LCD_Init      		CODE           	38B2	0000	48
		_samples       		CODE           	0008	0000	284
		_LCD_Command   		CODE           	390E	0000	44
		_LCD_String_xy 		CODE           	370C	0000	68
		_main          		CODE           	35E0	0000	80
		_LCD_Char      		CODE           	38E2	0000	44
		_MSdelay       		CODE           	3630	0000	76

potenciometro_adc.c estimated size: 740

C:\Program Files\Microchip\xc8\v2.32\pic\sources\c99\common\nf_fputc.c
		_fputc         		CODE           	2FB2	0000	202

C:\Program Files\Microchip\xc8\v2.32\pic\sources\c99\common\nf_fputc.c estimated size: 202

C:\Program Files\Microchip\xc8\v2.32\pic\sources\c99\common\strlen.c
		_strlen        		CODE           	387C	0000	54

C:\Program Files\Microchip\xc8\v2.32\pic\sources\c99\common\strlen.c estimated size: 54

C:\Program Files\Microchip\xc8\v2.32\pic\sources\c99\common\flge.c
		___flge        		CODE           	2CDA	0000	260

C:\Program Files\Microchip\xc8\v2.32\pic\sources\c99\common\flge.c estimated size: 260

C:\Program Files\Microchip\xc8\v2.32\pic\sources\c99\common\floorf.c
		_floorf        		CODE           	2568	0000	530

C:\Program Files\Microchip\xc8\v2.32\pic\sources\c99\common\floorf.c estimated size: 530

C:\Program Files\Microchip\xc8\v2.32\pic\sources\c99\common\strcpy.c
		_strcpy        		CODE           	34E0	0000	92

C:\Program Files\Microchip\xc8\v2.32\pic\sources\c99\common\strcpy.c estimated size: 92

